IBM XL Fortran for AIX, V12.1 (5724-U82) Version 12.01.0000.0001 --- /gpfs/c/nco/ops/nwprod/sorc/hiresw_post_hls.fd/NETAL.f 12/22/08 15:45:58
 
>>>>> OPTIONS SECTION <<<<<
***   Options In Effect   ***
  
         ==  On / Off Options  ==
         CR              DBG             ESCAPE          FULLPATH
         I4              INLGLUE         NOLIBESSL       NOLIBPOSIX
         OBJECT          SOURCE          STRICT          SWAPOMP
         THREADED        UNWIND          NOZEROSIZE
  
         ==  Options Of Integer Type ==
         ALIAS_SIZE(65536)     FIXED(72)             MAXMEM(-1)
         OPTIMIZE(2)           SPILLSIZE(2000)       STACKTEMP(0)
  
  
         ==  Options Of Character Type  ==
         64(LARGETYPE)         ALIAS(STD,INTPTR)     ALIGN(BINDC(POWER),STRUCT(NATURAL))
         ARCH(PWR6)            ATTR(FULL)            AUTODBL(NONE)
         DESCRIPTOR(V1)        DIRECTIVE(IBM*,IBMT)  ENUM()
         FLAG(I,I)             FLOAT(RNDSNGL,MAF,FOLD,RNGCHK,SINGLE)
         HALT(S)               IEEE(NEAR)            INTSIZE(4)
         LANGLVL(EXTENDED)     POSITION(APPENDOLD)   REALSIZE(4)
         SAVE(ALL)             TUNE(PWR6)            UNROLL(AUTO)
         XREF(FULL)            XLF2003(NOPOLYMORPHIC,NOBOZLITARGS,NOSTOPEXCEPT,NOVOLATILE,NOAUTOREALLOC,OLDNANINF)
         XLF77(NOLEADZERO,GEDIT77,NOBLANKPAD,OLDBOZ,INTARG,INTXOR,PERSISTENT,SOFTEOF)
         XLF90(NOSIGNEDZERO,NOAUTODEALLOC,OLDPAD)
  
>>>>> SOURCE SECTION <<<<<
          1 |      SUBROUTINE NETAL(FLD3D,ITYPE,L,LMHLMV,EGRID)
          2 |C$$$  SUBPROGRAM DOCUMENTATION BLOCK
          3 |C                .      .    .
          4 |C SUBPROGRAM:    NETAL       EXTRACT ETA LAYER DATA.
          5 |C   PRGRMMR: TREADON         ORG: W/NP2      DATE: 93-04-02
          6 |C
          7 |C ABSTRACT:
          8 |C     THIS ROUTINE EXTRACTS FROM THE 3D ARRAY FLD3D ON EITHER
          9 |C     ETA LAYER L OR ATMOSPHERIC ETA LAYER L.  BY "ETA LAYER L"
         10 |C     WE MEAN EXTRACTING DATA ON THE CONSTANT ETA LAYER L,
         11 |C     REGARDLESS OF THE MODEL TERRAIN.  THIS IS SIMPLY A
         12 |C     HORIZONTAL SLICE THROUGH THE VOLUME FLD3D AT VERTICAL
         13 |C     LEVEL L.  BY "ATMOSPHERIC ETA LAYER L WE MEAN THE TERRAIN
         14 |C     FOLLOWING LAYER CONSISTING OF ALL ETA LAYERS L LAYERS
         15 |C     ABOVE THE LOCAL MODEL SURFACE.
         16 |C
         17 |C     INTEGER FLAG ITYPE CONTROLS WHICH TYPE OF ETA LAYER DATA
         18 |C     TO EXTRACT.  FOR ITYPE=1 EXTRACT DATA ON CONSTANT ETA
         19 |C     LAYER L.  FOR ITYPE GREATER THAN ONE EXTRACT DATA ON
         20 |C     ATMOSPHERIC ETA LAYER L.
         21 |C   .
         22 |C
         23 |C PROGRAM HISTORY LOG:
         24 |C   93-04-02  RUSS TREADON
         25 |C   98-06-08  T BLACK - CONVERSION FROM 1-D TO 2-D
         26 |C   00-01-04  JIM TUCCILLO - MPI VERSION
         27 |C
         28 |C USAGE:    CALL NETAL(FLD3D,ITYPE,L,LMHLMV,EGRID)
         29 |C   INPUT ARGUMENT LIST:
         30 |C     FLD3D    - 3D VOLUME OF DATA ON ETA SURFACES.
         31 |C     ITYPE    - FLAG CONTROLLING TYPE OF DATA EXTRACTION.
         32 |C     L        - LEVEL TO EXTRACT.
         33 |C     LMHLMV   - HORIZONTAL ARRAY CONTAINING VERTICAL INDEX
         34 |C                OF FIRST ATMOSPHERIC ETA LAYER.
         35 |C
         36 |C   OUTPUT ARGUMENT LIST:
         37 |C     EGRID    - HORIZONTAL ARRAY CONTAINING ETA LAYER DATA.
         38 |C
         39 |C   OUTPUT FILES:
         40 |C
         41 |C
         42 |C   SUBPROGRAMS CALLED:
         43 |C     UTILITIES:
         44 |C       NONE
         45 |C     LIBRARY:
         46 |C       NONE
         47 |C
         48 |C   ATTRIBUTES:
         49 |C     LANGUAGE: FORTRAN
         50 |C     MACHINE : CRAY C-90
         51 |C$$$
         52 |C
         53 |C
         54 |C
         55 |C
         56 |C     INCLUDE PARAMETERS.
         57 |      INCLUDE "parmeta"
  1       1 |C-------------------------------------------------------------
  1       2 |C***  SET PRIMARY GRID DIMENSIONS AND PRESSURE OUTPUT LEVELS
  1       3 |      PARAMETER (IM=89,JM=143,LM=60,LSM=39)
  1       4 |C-------------------------------------------------------------
  1       5 |C***  SET THE NUMBER OF PEs IN THE I-DIRECTION AND J-DIRECTION
  1       6 |      PARAMETER(INPES=5,JNPES=6)
  1       7 |C-------------------------------------------------------------
  1       8 |C
  1       9 |      PARAMETER(IGSTL=-5,IGSTR=5)
  1      10 |      PARAMETER(JGSTL=-5,JGSTR=5)
  1      11 |      PARAMETER(ITAIL=IM-(INPES*(IM/INPES)))
  1      12 |      PARAMETER(JTAIL=JM-(JNPES*(JM/JNPES)))
  1      13 |C
  1      14 |      PARAMETER(IDIM1=IGSTL,IDIM2=IM/INPES+IGSTR+1)
  1      15 |      PARAMETER(JDIM1=JGSTL,JDIM2=JM/JNPES+JGSTR+1)
  1      16 |C
  1      17 |C-------------------------------------------------------------
         58 |      INCLUDE "CTLBLK.comm"
  2       1 |C-----------------------------------------------------------------------
  2       2 |      COMMON /CTLBLK/
  2       3 |     & SIGMA,RUN,IDAT(3),IHRST,FIRST,RESTRT,NFCST,NBC,LIST,IOUT
  2       4 |     &,DT,NTSD,NTSTM,NDDAMP,NPREC,IDTAD,NBOCO,NSHDE,NCP
  2       5 |     &,NPHS,NRADS,NRADL
  2       6 |      INTEGER NUM_PROCS, ME, JSTA, JEND,
  2       7 |     &        JSTA_M, JSTA_M2, JEND_M, JEND_M2, IUP, IDN, ICNT, IDSP,
  2       8 |     &        JSTA_2L, JEND_2U
  2       9 |      COMMON /PARALLEL/NUM_PROCS, ME, JSTA, JEND, JSTA_M, JEND_M,
  2      10 |     &                 JSTA_M2, JEND_M2, IUP, IDN,
  2      11 |     &                 ICNT(0:1023), IDSP(0:1023),
  2      12 |     &                 JSTA_2L, JEND_2U, NUM_SERVERS, MPI_COMM_INTER,
  2      13 |     &                 MPI_COMM_COMP
  2      14 |C-----------------------------------------------------------------------
         59 |C
         60 |C     DECLARE VARIABLES.
         61 |      INTEGER LMHLMV(IM,JM)
         62 |      REAL EGRID(IM,JM), FLD3D(IM,JM,LM)
         63 |C
         64 |C
         65 |C***************************************************************
         66 |C     START NETAL HERE.
         67 |C
         68 |C
         69 |C     CASE WHEN ITYPE=1.
         70 |C     LOAD ETA LEVEL L INTO EGRID.
         71 |C
         72 |      IF (ITYPE.EQ.1) THEN
         73 |         LGET = L
         74 |         DO J=JSTA,JEND
         75 |         DO I=1,IM
         76 |           EGRID(I,J) = FLD3D(I,J,LGET)
         77 |         ENDDO
         78 |         ENDDO
         79 |C
         80 |C     CASE WHEN ITYPE.GT.1.
         81 |C     LOAD ATMOSPHERIC ETA LAYER L INTO EGRID.
         82 |C
         83 |      ELSEIF (ITYPE.GT.1) THEN
         84 |         LOFF = L-1
         85 |         DO J=JSTA,JEND
         86 |         DO I=1,IM
         87 |            LGET = LMHLMV(I,J) - LOFF
         88 |            IF (LGET.LT.01) LGET = 01
         89 |            IF (LGET.GT.LM) LGET = LM
         90 |            EGRID(I,J) = FLD3D(I,J,LGET)
         91 |         ENDDO
         92 |         ENDDO
         93 |      ENDIF
         94 |CX
         95 |CX      DEBUG PRINTS BELOW.
         96 |CX
         97 |CX      IF (ITYPE.GT.1) THEN
         98 |CX         WRITE(81,*)' '
         99 |CX         WRITE(81,*)'LISTING FOR NEW FIELD.'
        100 |CX         CALL MINMAX(EGRID,IM,JM,FMIN,FMAX)
        101 |CX         WRITE(81,*)' FMIN,FMAX:  ',FMIN,FMAX
        102 |CX         DO J=JSTA,JEND
        103 |CX         DO I=1,IM
        104 |CX            LOFF = L-1
        105 |CX            LGET = LMHLMV(I,J) - LOFF
        106 |CX            DIFF = FLD3D(I,J,LGET)-EGRID(I,J)
        107 |CX            IF (DIFF.NE.0.) WRITE(81,*)'WARNING:  DIFF.NE.0.'
        108 |CX            WRITE(81,1234) I,J,L,LOFF,LMHLMV(I,J),
        109 |CX     X           FLD3D(I,J,LGET),EGRID(I,J),DIFF
        110 |CX 1234       FORMAT(I3,1X,I3,,1X,3(I2,1X),3(G12.6,1X))
        111 |CX         END DO
        112 |CX      END IF
        113 |C
        114 |C     END OF ROUTINE.
        115 |C
        116 |      RETURN
        117 |      END
 
>>>>> ATTRIBUTE AND CROSS REFERENCE SECTION <<<<<
 
 
 
IDENTIFIER NAME                  CROSS REFERENCE AND ATTRIBUTES
 
ctlblk                           Common Block, Alignment: double word
                                 2-2.15$
 
dt                               Common member, Real(4), Offset: 48, Alignment: quadruple word
                                 2-4.8$
 
egrid                            Reference argument, Real(4) (1:89, 1:143), Offset: 0, Alignment: full word
                                 0-62.12$  0-1.45  0-76.12@  0-90.13@
 
first                            Common member, Real(4), Offset: 24, Alignment: double word
                                 2-3.32$
 
fld3d                            Reference argument, Real(4) (1:89, 1:143, 1:60), Offset: 0, Alignment: full word
                                 0-62.26$  0-1.24  0-76.25  0-90.26
 
i                                Static, Integer(4), Offset: 0, Alignment: full word
                                 0-75.13@  0-76.18  0-76.31  0-86.13@  0-87.27  0-90.19  0-90.32
 
icnt                             Common member, Integer(4) (0:1023), Offset: 40, Alignment: double word
                                 2-7.59$  2-11.24$
 
idat                             Common member, Integer(4) (1:3), Offset: 8, Alignment: double word
                                 2-3.18$
 
idim1                            Parameter, Integer(4)
                                 1-14.17$
 
idim2                            Parameter, Integer(4)
                                 1-14.29$
 
idn                              Common member, Integer(4), Offset: 36, Alignment: full word
                                 2-7.54$  2-10.47$
 
idsp                             Common member, Integer(4) (0:1023), Offset: 4136, Alignment: double word
                                 2-7.65$  2-11.38$
 
idtad                            Common member, Integer(4), Offset: 68, Alignment: full word
                                 2-4.35$
 
igstl                            Parameter, Integer(4)
                                 1-9.17$  1-14.23
 
igstr                            Parameter, Integer(4)
                                 1-9.26$  1-14.44
 
ihrst                            Common member, Integer(4), Offset: 20, Alignment: full word
                                 2-3.26$
 
im                               Parameter, Integer(4)
                                 1-3.18$  0-61.22  0-62.18  0-62.32  0-75.17  0-86.17  1-11.23  1-11.34  1-14.35
 
inpes                            Parameter, Integer(4)
                                 1-6.17$  1-11.27  1-11.37  1-14.38
 
iout                             Common member, Integer(4), Offset: 44, Alignment: full word
                                 2-3.60$
 
itail                            Parameter, Integer(4)
                                 1-11.17$
 
itype                            Reference argument, Integer(4), Offset: 0, Alignment: full word
                                 0-1.30  0-72.11  0-83.15
 
iup                              Common member, Integer(4), Offset: 32, Alignment: quadruple word
                                 2-7.49$  2-10.42$
 
j                                Static, Integer(4), Offset: 0, Alignment: full word
                                 0-74.13@  0-76.20  0-76.33  0-85.13@  0-87.29  0-90.21  0-90.34
 
jdim1                            Parameter, Integer(4)
                                 1-15.17$
 
jdim2                            Parameter, Integer(4)
                                 1-15.29$
 
jend                             Common member, Integer(4), Offset: 12, Alignment: full word
                                 2-6.36$  2-9.45$  0-74.20  0-85.20
 
jend_2u                          Common member, Integer(4), Offset: 8236, Alignment: full word
                                 2-8.24$  2-12.33$
 
jend_m                           Common member, Integer(4), Offset: 20, Alignment: full word
                                 2-7.32$  2-9.59$
 
jend_m2                          Common member, Integer(4), Offset: 28, Alignment: full word
                                 2-7.40$  2-10.33$
 
jgstl                            Parameter, Integer(4)
                                 1-10.17$  1-15.23
 
jgstr                            Parameter, Integer(4)
                                 1-10.26$  1-15.44
 
jm                               Parameter, Integer(4)
                                 1-3.24$  0-61.25  0-62.21  0-62.35  1-12.23  1-12.34  1-15.35
 
jnpes                            Parameter, Integer(4)
                                 1-6.25$  1-12.27  1-12.37  1-15.38
 
jsta                             Common member, Integer(4), Offset: 8, Alignment: double word
                                 2-6.30$  2-9.39$  0-74.15  0-85.15
 
jsta_2l                          Common member, Integer(4), Offset: 8232, Alignment: double word
                                 2-8.15$  2-12.24$
 
jsta_m                           Common member, Integer(4), Offset: 16, Alignment: quadruple word
                                 2-7.15$  2-9.51$
 
jsta_m2                          Common member, Integer(4), Offset: 24, Alignment: double word
                                 2-7.23$  2-10.24$
 
jtail                            Parameter, Integer(4)
                                 1-12.17$
 
l                                Reference argument, Integer(4), Offset: 0, Alignment: full word
                                 0-1.36  0-73.17  0-84.17
 
lget                             Static, Integer(4), Offset: 0, Alignment: full word
                                 0-73.10@  0-76.35  0-87.13@  0-88.17  0-88.29@  0-89.17  0-89.29@  0-90.36
 
list                             Common member, Integer(4), Offset: 40, Alignment: double word
                                 2-3.55$
 
lm                               Parameter, Integer(4)
                                 1-3.31$  0-62.38  0-89.25  0-89.36
 
lmhlmv                           Reference argument, Integer(4) (1:89, 1:143), Offset: 0, Alignment: full word
                                 0-61.15$  0-1.38  0-87.20
 
loff                             Static, Integer(4), Offset: 0, Alignment: full word
                                 0-84.10@  0-87.34
 
lsm                              Parameter, Integer(4)
                                 1-3.37$
 
me                               Common member, Integer(4), Offset: 4, Alignment: full word
                                 2-6.26$  2-9.35$
 
mpi_comm_comp                    Common member, Integer(4), Offset: 8248, Alignment: double word
                                 2-13.24$
 
mpi_comm_inter                   Common member, Integer(4), Offset: 8244, Alignment: full word
                                 2-12.55$
 
nbc                              Common member, Integer(4), Offset: 36, Alignment: full word
                                 2-3.51$
 
nboco                            Common member, Integer(4), Offset: 72, Alignment: double word
                                 2-4.41$
 
ncp                              Common member, Integer(4), Offset: 80, Alignment: quadruple word
                                 2-4.53$
 
nddamp                           Common member, Integer(4), Offset: 60, Alignment: full word
                                 2-4.22$
 
netal                            Subroutine
                                 0-1.18$
 
nfcst                            Common member, Integer(4), Offset: 32, Alignment: quadruple word
                                 2-3.45$
 
nphs                             Common member, Integer(4), Offset: 84, Alignment: full word
                                 2-5.8$
 
nprec                            Common member, Integer(4), Offset: 64, Alignment: quadruple word
                                 2-4.29$
 
nradl                            Common member, Integer(4), Offset: 92, Alignment: full word
                                 2-5.19$
 
nrads                            Common member, Integer(4), Offset: 88, Alignment: double word
                                 2-5.13$
 
nshde                            Common member, Integer(4), Offset: 76, Alignment: full word
                                 2-4.47$
 
ntsd                             Common member, Integer(4), Offset: 52, Alignment: full word
                                 2-4.11$
 
ntstm                            Common member, Integer(4), Offset: 56, Alignment: double word
                                 2-4.16$
 
num_procs                        Common member, Integer(4), Offset: 0, Alignment: quadruple word
                                 2-6.15$  2-9.24$
 
num_servers                      Common member, Integer(4), Offset: 8240, Alignment: quadruple word
                                 2-12.42$
 
parallel                         Common Block, Alignment: double word
                                 2-9.15$
 
restrt                           Common member, Real(4), Offset: 28, Alignment: full word
                                 2-3.38$
 
run                              Common member, Real(4), Offset: 4, Alignment: full word
                                 2-3.14$
 
sigma                            Common member, Real(4), Offset: 0, Alignment: quadruple word
                                 2-3.8$
 
** netal   === End of Compilation 1 ===
 
>>>>> COMPILATION UNIT EPILOGUE SECTION <<<<<
 
FORTRAN Summary of Diagnosed Conditions
 
TOTAL   UNRECOVERABLE  SEVERE       ERROR     WARNING    INFORMATIONAL
               (U)       (S)         (E)        (W)          (I)
    0           0         0           0          0            0
 
>>>>> OPTIONS SECTION <<<<<
***   Options In Effect   ***
  
         ==  On / Off Options  ==
         CR              DBG             ESCAPE          FULLPATH
         I4              INLGLUE         NOLIBESSL       NOLIBPOSIX
         OBJECT          SOURCE          STRICT          SWAPOMP
         THREADED        UNWIND          NOZEROSIZE
  
         ==  Options Of Integer Type ==
         ALIAS_SIZE(65536)     FIXED(72)             MAXMEM(-1)
         OPTIMIZE(2)           SPILLSIZE(2000)       STACKTEMP(0)
  
  
         ==  Options Of Character Type  ==
         64(LARGETYPE)         ALIAS(STD,INTPTR)     ALIGN(BINDC(POWER),STRUCT(NATURAL))
         ARCH(PWR6)            ATTR(FULL)            AUTODBL(NONE)
         DESCRIPTOR(V1)        DIRECTIVE(IBM*,IBMT)  ENUM()
         FLAG(I,I)             FLOAT(RNDSNGL,MAF,FOLD,RNGCHK,SINGLE)
         HALT(S)               IEEE(NEAR)            INTSIZE(4)
         LANGLVL(EXTENDED)     POSITION(APPENDOLD)   REALSIZE(4)
         SAVE(ALL)             TUNE(PWR6)            UNROLL(AUTO)
         XREF(FULL)            XLF2003(NOPOLYMORPHIC,NOBOZLITARGS,NOSTOPEXCEPT,NOVOLATILE,NOAUTOREALLOC,OLDNANINF)
         XLF77(NOLEADZERO,GEDIT77,NOBLANKPAD,OLDBOZ,INTARG,INTXOR,PERSISTENT,SOFTEOF)
         XLF90(NOSIGNEDZERO,NOAUTODEALLOC,OLDPAD)
  
>>>>> SOURCE SECTION <<<<<
        118 |      SUBROUTINE NETAL_P(FLD3D,ITYPE,L,LMHLMV,EGRID)
        119 |C     INCLUDE PARAMETERS.
        120 |      INCLUDE "parmeta"
  3       1 |C-------------------------------------------------------------
  3       2 |C***  SET PRIMARY GRID DIMENSIONS AND PRESSURE OUTPUT LEVELS
  3       3 |      PARAMETER (IM=89,JM=143,LM=60,LSM=39)
  3       4 |C-------------------------------------------------------------
  3       5 |C***  SET THE NUMBER OF PEs IN THE I-DIRECTION AND J-DIRECTION
  3       6 |      PARAMETER(INPES=5,JNPES=6)
  3       7 |C-------------------------------------------------------------
  3       8 |C
  3       9 |      PARAMETER(IGSTL=-5,IGSTR=5)
  3      10 |      PARAMETER(JGSTL=-5,JGSTR=5)
  3      11 |      PARAMETER(ITAIL=IM-(INPES*(IM/INPES)))
  3      12 |      PARAMETER(JTAIL=JM-(JNPES*(JM/JNPES)))
  3      13 |C
  3      14 |      PARAMETER(IDIM1=IGSTL,IDIM2=IM/INPES+IGSTR+1)
  3      15 |      PARAMETER(JDIM1=JGSTL,JDIM2=JM/JNPES+JGSTR+1)
  3      16 |C
  3      17 |C-------------------------------------------------------------
        121 |      INCLUDE "CTLBLK.comm"
  4       1 |C-----------------------------------------------------------------------
  4       2 |      COMMON /CTLBLK/
  4       3 |     & SIGMA,RUN,IDAT(3),IHRST,FIRST,RESTRT,NFCST,NBC,LIST,IOUT
  4       4 |     &,DT,NTSD,NTSTM,NDDAMP,NPREC,IDTAD,NBOCO,NSHDE,NCP
  4       5 |     &,NPHS,NRADS,NRADL
  4       6 |      INTEGER NUM_PROCS, ME, JSTA, JEND,
  4       7 |     &        JSTA_M, JSTA_M2, JEND_M, JEND_M2, IUP, IDN, ICNT, IDSP,
  4       8 |     &        JSTA_2L, JEND_2U
  4       9 |      COMMON /PARALLEL/NUM_PROCS, ME, JSTA, JEND, JSTA_M, JEND_M,
  4      10 |     &                 JSTA_M2, JEND_M2, IUP, IDN,
  4      11 |     &                 ICNT(0:1023), IDSP(0:1023),
  4      12 |     &                 JSTA_2L, JEND_2U, NUM_SERVERS, MPI_COMM_INTER,
  4      13 |     &                 MPI_COMM_COMP
  4      14 |C-----------------------------------------------------------------------
        122 |C
        123 |C     DECLARE VARIABLES.
        124 |      INTEGER LMHLMV(IM,JM)
        125 |      REAL EGRID(IM,JM), FLD3D(IM,jsta_2l:jend_2u,LM)
        126 |C
        127 |C
        128 |C***************************************************************
        129 |C     START NETAL HERE.
        130 |C
        131 |C
        132 |C     CASE WHEN ITYPE=1.
        133 |C     LOAD ETA LEVEL L INTO EGRID.
        134 |C
        135 |C      IF (ITYPE.EQ.1) THEN
        136 |C         LGET = L
        137 |C         DO J=JSTA,JEND
        138 |C         DO I=1,IM
        139 |C           EGRID(I,J) = FLD3D(I,J,LGET)
        140 |C         ENDDO
        141 |C         ENDDO
        142 |C
        143 |C     CASE WHEN ITYPE.GT.1.
        144 |C     LOAD ATMOSPHERIC ETA LAYER L INTO EGRID.
        145 |C
        146 |C      ELSEIF (ITYPE.GT.1) THEN
        147 |CCC THE LINE ABOVE HERE COMMENTED OUT BECAUSE HYBRID MODEL
        148 |CCC OUTPUT ALWAYS USES LEVEL ID 109 WHICH COUNTS FROM BOTTOM UP
        149 |         LOFF = L-1
        150 |         DO J=JSTA,JEND
        151 |         DO I=1,IM
        152 |            LGET = LMHLMV(I,J) - LOFF
        153 |            IF (LGET.LT.01) LGET = 01
        154 |            IF (LGET.GT.LM) LGET = LM
        155 |            EGRID(I,J) = FLD3D(I,J,LGET)
        156 |         ENDDO
        157 |         ENDDO
        158 |C      ENDIF
        159 |      end
 
>>>>> ATTRIBUTE AND CROSS REFERENCE SECTION <<<<<
 
 
 
IDENTIFIER NAME                  CROSS REFERENCE AND ATTRIBUTES
 
ctlblk                           Common Block, Alignment: double word
                                 4-2.15$
 
dt                               Common member, Real(4), Offset: 48, Alignment: quadruple word
                                 4-4.8$
 
egrid                            Reference argument, Real(4) (1:89, 1:143), Offset: 0, Alignment: full word
                                 0-125.12$  0-118.47  0-155.13@
 
first                            Common member, Real(4), Offset: 24, Alignment: double word
                                 4-3.32$
 
fld3d                            Reference argument, Real(4) (1:89, ?:?, 1:60), Offset: 0, Alignment: full word
                                 0-125.26$  0-118.26  0-155.26
 
i                                Static, Integer(4), Offset: 0, Alignment: full word
                                 0-151.13@  0-152.27  0-155.19  0-155.32
 
icnt                             Common member, Integer(4) (0:1023), Offset: 40, Alignment: double word
                                 4-7.59$  4-11.24$
 
idat                             Common member, Integer(4) (1:3), Offset: 8, Alignment: double word
                                 4-3.18$
 
idim1                            Parameter, Integer(4)
                                 3-14.17$
 
idim2                            Parameter, Integer(4)
                                 3-14.29$
 
idn                              Common member, Integer(4), Offset: 36, Alignment: full word
                                 4-7.54$  4-10.47$
 
idsp                             Common member, Integer(4) (0:1023), Offset: 4136, Alignment: double word
                                 4-7.65$  4-11.38$
 
idtad                            Common member, Integer(4), Offset: 68, Alignment: full word
                                 4-4.35$
 
igstl                            Parameter, Integer(4)
                                 3-9.17$  3-14.23
 
igstr                            Parameter, Integer(4)
                                 3-9.26$  3-14.44
 
ihrst                            Common member, Integer(4), Offset: 20, Alignment: full word
                                 4-3.26$
 
im                               Parameter, Integer(4)
                                 3-3.18$  0-124.22  0-125.18  0-125.32  0-125.32  0-151.17  3-11.23  3-11.34  3-14.35
 
inpes                            Parameter, Integer(4)
                                 3-6.17$  3-11.27  3-11.37  3-14.38
 
iout                             Common member, Integer(4), Offset: 44, Alignment: full word
                                 4-3.60$
 
itail                            Parameter, Integer(4)
                                 3-11.17$
 
itype                            Reference argument, Integer(4), Offset: 0, Alignment: full word
                                 0-118.32
 
iup                              Common member, Integer(4), Offset: 32, Alignment: quadruple word
                                 4-7.49$  4-10.42$
 
j                                Static, Integer(4), Offset: 0, Alignment: full word
                                 0-150.13@  0-152.29  0-155.21  0-155.34
 
jdim1                            Parameter, Integer(4)
                                 3-15.17$
 
jdim2                            Parameter, Integer(4)
                                 3-15.29$
 
jend                             Common member, Integer(4), Offset: 12, Alignment: full word
                                 4-6.36$  4-9.45$  0-150.20
 
jend_2u                          Common member, Integer(4), Offset: 8236, Alignment: full word
                                 4-8.24$  4-12.33$  0-125.43  0-125.43
 
jend_m                           Common member, Integer(4), Offset: 20, Alignment: full word
                                 4-7.32$  4-9.59$
 
jend_m2                          Common member, Integer(4), Offset: 28, Alignment: full word
                                 4-7.40$  4-10.33$
 
jgstl                            Parameter, Integer(4)
                                 3-10.17$  3-15.23
 
jgstr                            Parameter, Integer(4)
                                 3-10.26$  3-15.44
 
jm                               Parameter, Integer(4)
                                 3-3.24$  0-124.25  0-125.21  3-12.23  3-12.34  3-15.35
 
jnpes                            Parameter, Integer(4)
                                 3-6.25$  3-12.27  3-12.37  3-15.38
 
jsta                             Common member, Integer(4), Offset: 8, Alignment: double word
                                 4-6.30$  4-9.39$  0-150.15
 
jsta_2l                          Common member, Integer(4), Offset: 8232, Alignment: double word
                                 4-8.15$  4-12.24$  0-125.35  0-125.35
 
jsta_m                           Common member, Integer(4), Offset: 16, Alignment: quadruple word
                                 4-7.15$  4-9.51$
 
jsta_m2                          Common member, Integer(4), Offset: 24, Alignment: double word
                                 4-7.23$  4-10.24$
 
jtail                            Parameter, Integer(4)
                                 3-12.17$
 
l                                Reference argument, Integer(4), Offset: 0, Alignment: full word
                                 0-118.38  0-149.17
 
lget                             Static, Integer(4), Offset: 0, Alignment: full word
                                 0-152.13@  0-153.17  0-153.29@  0-154.17  0-154.29@  0-155.36
 
list                             Common member, Integer(4), Offset: 40, Alignment: double word
                                 4-3.55$
 
lm                               Parameter, Integer(4)
                                 3-3.31$  0-125.51  0-125.51  0-154.25  0-154.36
 
lmhlmv                           Reference argument, Integer(4) (1:89, 1:143), Offset: 0, Alignment: full word
                                 0-124.15$  0-118.40  0-152.20
 
loff                             Static, Integer(4), Offset: 0, Alignment: full word
                                 0-149.10@  0-152.34
 
lsm                              Parameter, Integer(4)
                                 3-3.37$
 
me                               Common member, Integer(4), Offset: 4, Alignment: full word
                                 4-6.26$  4-9.35$
 
mpi_comm_comp                    Common member, Integer(4), Offset: 8248, Alignment: double word
                                 4-13.24$
 
mpi_comm_inter                   Common member, Integer(4), Offset: 8244, Alignment: full word
                                 4-12.55$
 
nbc                              Common member, Integer(4), Offset: 36, Alignment: full word
                                 4-3.51$
 
nboco                            Common member, Integer(4), Offset: 72, Alignment: double word
                                 4-4.41$
 
ncp                              Common member, Integer(4), Offset: 80, Alignment: quadruple word
                                 4-4.53$
 
nddamp                           Common member, Integer(4), Offset: 60, Alignment: full word
                                 4-4.22$
 
netal_p                          Subroutine
                                 0-118.18$
 
nfcst                            Common member, Integer(4), Offset: 32, Alignment: quadruple word
                                 4-3.45$
 
nphs                             Common member, Integer(4), Offset: 84, Alignment: full word
                                 4-5.8$
 
nprec                            Common member, Integer(4), Offset: 64, Alignment: quadruple word
                                 4-4.29$
 
nradl                            Common member, Integer(4), Offset: 92, Alignment: full word
                                 4-5.19$
 
nrads                            Common member, Integer(4), Offset: 88, Alignment: double word
                                 4-5.13$
 
nshde                            Common member, Integer(4), Offset: 76, Alignment: full word
                                 4-4.47$
 
ntsd                             Common member, Integer(4), Offset: 52, Alignment: full word
                                 4-4.11$
 
ntstm                            Common member, Integer(4), Offset: 56, Alignment: double word
                                 4-4.16$
 
num_procs                        Common member, Integer(4), Offset: 0, Alignment: quadruple word
                                 4-6.15$  4-9.24$
 
num_servers                      Common member, Integer(4), Offset: 8240, Alignment: quadruple word
                                 4-12.42$
 
parallel                         Common Block, Alignment: double word
                                 4-9.15$
 
restrt                           Common member, Real(4), Offset: 28, Alignment: full word
                                 4-3.38$
 
run                              Common member, Real(4), Offset: 4, Alignment: full word
                                 4-3.14$
 
sigma                            Common member, Real(4), Offset: 0, Alignment: quadruple word
                                 4-3.8$
 
** netal_p   === End of Compilation 2 ===
 
>>>>> COMPILATION UNIT EPILOGUE SECTION <<<<<
 
FORTRAN Summary of Diagnosed Conditions
 
TOTAL   UNRECOVERABLE  SEVERE       ERROR     WARNING    INFORMATIONAL
               (U)       (S)         (E)        (W)          (I)
    0           0         0           0          0            0
 
>>>>> OPTIONS SECTION <<<<<
***   Options In Effect   ***
  
         ==  On / Off Options  ==
         CR              DBG             ESCAPE          FULLPATH
         I4              INLGLUE         NOLIBESSL       NOLIBPOSIX
         OBJECT          SOURCE          STRICT          SWAPOMP
         THREADED        UNWIND          NOZEROSIZE
  
         ==  Options Of Integer Type ==
         ALIAS_SIZE(65536)     FIXED(72)             MAXMEM(-1)
         OPTIMIZE(2)           SPILLSIZE(2000)       STACKTEMP(0)
  
  
         ==  Options Of Character Type  ==
         64(LARGETYPE)         ALIAS(STD,INTPTR)     ALIGN(BINDC(POWER),STRUCT(NATURAL))
         ARCH(PWR6)            ATTR(FULL)            AUTODBL(NONE)
         DESCRIPTOR(V1)        DIRECTIVE(IBM*,IBMT)  ENUM()
         FLAG(I,I)             FLOAT(RNDSNGL,MAF,FOLD,RNGCHK,SINGLE)
         HALT(S)               IEEE(NEAR)            INTSIZE(4)
         LANGLVL(EXTENDED)     POSITION(APPENDOLD)   REALSIZE(4)
         SAVE(ALL)             TUNE(PWR6)            UNROLL(AUTO)
         XREF(FULL)            XLF2003(NOPOLYMORPHIC,NOBOZLITARGS,NOSTOPEXCEPT,NOVOLATILE,NOAUTOREALLOC,OLDNANINF)
         XLF77(NOLEADZERO,GEDIT77,NOBLANKPAD,OLDBOZ,INTARG,INTXOR,PERSISTENT,SOFTEOF)
         XLF90(NOSIGNEDZERO,NOAUTODEALLOC,OLDPAD)
  
>>>>> SOURCE SECTION <<<<<
        160 |
 
>>>>> FILE TABLE SECTION <<<<<
 
 
                                       FILE CREATION        FROM
FILE NO   FILENAME                    DATE       TIME       FILE    LINE
     0    NETAL.f                     12/18/08   11:40:51
     1    /gpfs/c/nco/ops/nwprod/sorc/hiresw_post_hls.fd/parmeta
                                      12/18/08   11:40:52      0      57
     2    /gpfs/c/nco/ops/nwprod/sorc/hiresw_post_hls.fd/CTLBLK.comm
                                      12/18/08   11:40:50      0      58
     3    /gpfs/c/nco/ops/nwprod/sorc/hiresw_post_hls.fd/parmeta
                                      12/18/08   11:40:52      0     120
     4    /gpfs/c/nco/ops/nwprod/sorc/hiresw_post_hls.fd/CTLBLK.comm
                                      12/18/08   11:40:50      0     121
 
 
>>>>> COMPILATION EPILOGUE SECTION <<<<<
 
 
FORTRAN Summary of Diagnosed Conditions
 
TOTAL   UNRECOVERABLE  SEVERE       ERROR     WARNING    INFORMATIONAL
               (U)       (S)         (E)        (W)          (I)
    0           0         0           0          0            0
 
 
    Source records read.......................................     222
1501-510  Compilation successful for file NETAL.f.
1501-543  Object file created.
