IBM XL Fortran for AIX, V12.1 (5724-U82) Version 12.01.0000.0001 --- /gpfs/c/nco/ops/nwprod/sorc/hiresw_post_hls.fd/WETBULB.f 12/22/08 15:46:03
 
>>>>> OPTIONS SECTION <<<<<
***   Options In Effect   ***
  
         ==  On / Off Options  ==
         CR              DBG             ESCAPE          FULLPATH
         I4              INLGLUE         NOLIBESSL       NOLIBPOSIX
         OBJECT          SOURCE          STRICT          SWAPOMP
         THREADED        UNWIND          NOZEROSIZE
  
         ==  Options Of Integer Type ==
         ALIAS_SIZE(65536)     FIXED(72)             MAXMEM(-1)
         OPTIMIZE(2)           SPILLSIZE(2000)       STACKTEMP(0)
  
  
         ==  Options Of Character Type  ==
         64(LARGETYPE)         ALIAS(STD,INTPTR)     ALIGN(BINDC(POWER),STRUCT(NATURAL))
         ARCH(PWR6)            ATTR(FULL)            AUTODBL(NONE)
         DESCRIPTOR(V1)        DIRECTIVE(IBM*,IBMT)  ENUM()
         FLAG(I,I)             FLOAT(RNDSNGL,MAF,FOLD,RNGCHK,SINGLE)
         HALT(S)               IEEE(NEAR)            INTSIZE(4)
         LANGLVL(EXTENDED)     POSITION(APPENDOLD)   REALSIZE(4)
         SAVE(ALL)             TUNE(PWR6)            UNROLL(AUTO)
         XREF(FULL)            XLF2003(NOPOLYMORPHIC,NOBOZLITARGS,NOSTOPEXCEPT,NOVOLATILE,NOAUTOREALLOC,OLDNANINF)
         XLF77(NOLEADZERO,GEDIT77,NOBLANKPAD,OLDBOZ,INTARG,INTXOR,PERSISTENT,SOFTEOF)
         XLF90(NOSIGNEDZERO,NOAUTODEALLOC,OLDPAD)
  
>>>>> SOURCE SECTION <<<<<
          1 |      SUBROUTINE WETBULB(T,Q,PDSL,HTM,KARR,TWET)
          2 |C
          3 |C     FILE: WETBULB.f
          4 |C     WRITTEN: 10 SEPTEMBER 1993, MICHAEL BALDWIN
          5 |C     REVISIONS:
          6 |C     CONVERSION TO 2-D: 12 JUNE 1998 (T BLACK)
          7 |C     MPI VERSION: 04 Jan 2000 ( JIM TUCCILLO )
          8 |C     MODIFIED FOR HYBRID: OCT 2001, H CHUANG
          9 |C
         10 |C-----------------------------------------------------------------------
         11 |C     ROUTINE TO COMPUTE WET BULB TEMPERATURES USING THE LOOK UP TABLE
         12 |C     APPROACH THAT IS USED IN CUCNVC
         13 |C
         14 |C     FOR A GIVEN POINT K AND LAYER L:
         15 |C      THETA E IS COMPUTED FROM THETA AND Q BY LIFTING THE PARCEL TO
         16 |C      ITS SATURATION POINT.
         17 |C      THEN THE WET BULB TEMPERATURE IS FOUND BY FOLLOWING THE THETA E
         18 |C      DOWN TO THE ORIGINAL PRESSURE LEVEL (USING SUBROUTINE TTBLEX).
         19 |C
         20 |C
         21 |C
         22 |      LOGICAL   UNIS,UNIL,OCT90
         23 |      INCLUDE "parmeta"
  1       1 |C-------------------------------------------------------------
  1       2 |C***  SET PRIMARY GRID DIMENSIONS AND PRESSURE OUTPUT LEVELS
  1       3 |      PARAMETER (IM=89,JM=143,LM=60,LSM=39)
  1       4 |C-------------------------------------------------------------
  1       5 |C***  SET THE NUMBER OF PEs IN THE I-DIRECTION AND J-DIRECTION
  1       6 |      PARAMETER(INPES=5,JNPES=6)
  1       7 |C-------------------------------------------------------------
  1       8 |C
  1       9 |      PARAMETER(IGSTL=-5,IGSTR=5)
  1      10 |      PARAMETER(JGSTL=-5,JGSTR=5)
  1      11 |      PARAMETER(ITAIL=IM-(INPES*(IM/INPES)))
  1      12 |      PARAMETER(JTAIL=JM-(JNPES*(JM/JNPES)))
  1      13 |C
  1      14 |      PARAMETER(IDIM1=IGSTL,IDIM2=IM/INPES+IGSTR+1)
  1      15 |      PARAMETER(JDIM1=JGSTL,JDIM2=JM/JNPES+JGSTR+1)
  1      16 |C
  1      17 |C-------------------------------------------------------------
         24 |      INCLUDE "parm.tbl"
  2       1 |      PARAMETER (ITB=076,JTB=134,ITBQ=152,JTBQ=440)
         25 |      PARAMETER(IMJM=IM*JM-JM/2,LP1=LM+1)
         26 |      INCLUDE "cuparm"
  3       1 |                             P A R A M E T E R
  3       2 |     & (H1=1.E0,H1D5=1.5E0,H2D5=2.5E0,H3000=3000.E0,H10E5=100000.E0
  3       3 |     &, D00=0.E0,D125=.125E0,D50=.5E0,D608=.608E0
  3       4 |     &, G=9.806E0,CP=1004.6E0,CAPA=0.28589641E0,ROG=287.04/9.806
  3       5 |     &, ELWV=2.50E6,ELIVW=2.72E6,ROW=1.E3,EPSQ=2.E-12
  3       6 |     &, A2=17.2693882E0,A3=273.16E0,A4=35.86E0
  3       7 |     &, T0=273.16E0,T1=274.16E0,PQ0=379.90516E0,STRESH=1.10E0
  3       8 |     &, STABS=1.0E0,STABD=.90E0,STABFC=1.00E0,DTTOP=0.0E0
  3       9 |CVVVVVVVVVVVVVVVVVVVVVVVVVVVVVVVVVVVVVVVVVVVVVVVVVVVVVVVVVVVVVVVVVVVVVVV
  3      10 |     &, RHF=0.10,EPSUP=1.00,EPSDN=1.05,EPSTH=0.0
  3      11 |     &, PBM=13000.,PQM=20000.,PNO=1000.,PONE=2500.,ZSH=2000.
  3      12 |     &, PFRZ=15000.,PSHU=45000.
  3      13 |C    &, RHF=0.20,EPSUP=0.93,EPSDN=1.00,EPSTH=0.3
  3      14 |C    &, RHF=0.20,EPSUP=1.00,EPSDN=1.00,EPSTH=0.3
  3      15 |CAAAAAAAAAAAAAAAAAAAAAAAAAAAAAAAAAAAAAAAAAAAAAAAAAAAAAAAAAAAAAAAAAAAAAAA
  3      16 |C
  3      17 |C    AUGUST '91: SCHEME HAVING THE OPTION OF USING DIFFERENT FAST AND
  3      18 |C    SLOW PROFILES FOR SEA AND FOR LAND POINTS; AND ALSO THE "SEA" AND
  3      19 |C    THE "LAND" SCHEME EVERYWHERE.  OVER LAND PROFILES DEPART FROM THE
  3      20 |C    FAST (DRY) PROFILES ONLY FOR PRECIPITATION/TIME STEP .GT.
  3      21 |C    A PRESCRIBED VALUE (CURRENTLY, IN THE VERSION #3 DONE WEDNESDAY
  3      22 |C    18 SEPTEMBER, 1/4 INCH/24 H).  USE OF VARIOUS SWITCHES AS FOLLOWS.
  3      23 |C
  3      24 |C       THE "OLD" ("HARD", =ZAVISA OCT.1990) LAND SCHEME WITH FIXED
  3      25 |C       LAND PROFILES IS RUN BY
  3      26 |C       * SETTING OCT90=.TRUE. IN THE FIRST EXECUTABLE LINE FOLLOWING
  3      27 |C            THESE COMMENTS (THIS REACTIVATES EFI=H1 OVER LAND IF
  3      28 |C            .NOT.UNIS, AND CLDEFI(K)=EFIMN AS THE LEFTOVER CLDEFI
  3      29 |C            VALUE AT SWAP POINTS);
  3      30 |C       * DEFINING FAST LAND PROFILES SAME AS FAST SEA PROFILES (OR BY
  3      31 |C            CHOOSING ANOTHER SET OF LAND PROFILES ZAVISA USED AT
  3      32 |C            EARLIER TIME);
  3      33 |C       * SETTING FSL=1.; AND
  3      34 |C       * DEFINING STEFI (STARTING EFI) EQUAL TO AVGEFI.
  3      35 |C            (THE LAST THREE POINTS ARE HANDLED BY SWITCHING AROUND THE
  3      36 |C            "CFM" COMMENTS AT TWO PLACES)
  3      37 |C
  3      38 |C       THE "OLD,OLD" (APPR. ORIGINAL BETTS) SCHEME IS RUN BY
  3      39 |C       * SPECIFYING UNIL=.TRUE.;
  3      40 |C       * SETTING FSL=1.;
  3      41 |C       * SETTING OCT90=.TRUE.
  3      42 |C            (WITH THESE SETTINGS FAST LAND PROFILES ONLY ARE USED).
  3      43 |C                                                                     FM
  3      44 |     &, UNIS=.FALSE.,UNIL=.FALSE.,OCT90=.FALSE.
  3      45 |     &,   FSS=.85E0,EFIMN=.20E0,EFMNT=.70E0,FCC=.50,FCP=H1-FCC
  3      46 |C
  3      47 |C         IN THIS VERSION 3.5, OVER LAND AND FOR THE FAST PROFILES, DSPB
  3      48 |C         IS PRESCRIBED TO BE 25 PERCENT DRIER THAN THE FAST SEA VALUE
  3      49 |C         (IN ROUGH AGREEMENT WITH BINDER, QJ, IN PRESS) WHILE DSP0 AND
  3      50 |C         DSPT ARE EACH 20 PERCENT DRIER THAN THE CORRESPONDING FAST
  3      51 |C         SEA VALUES.                WITH FSL=.875 THIS MAKES THE
  3      52 |C         AVERAGE OF THE FAST AND THE SLOW LAND PROFILES SOMEWHAT DRIER
  3      53 |C         THAN THE OCT90 FIXED LAND PROFILES.                         FM
  3      54 |C
  3      55 |     &, DSPBFL=-4843.75E0,DSP0FL=-7050.00E0,DSPTFL=-2250.0E0,FSL=.850E0
  3      56 |C***   ACTIVATE THE FOLLOWING LINE IF OCT90=.TRUE. (AND COMMENT OUT THE
  3      57 |C***   PRECEDING LINE):
  3      58 |C    &, DSPBFL=-3875.E0,DSP0FL=-5875.E0,DSPTFL=-1875.E0,FSL=1.0E0
  3      59 |     &, DSPBFS=-3875.E0,DSP0FS=-5875.E0,DSPTFS=-1875.E0
  3      60 |     &, DSPBSL=DSPBFL*FSL,DSP0SL=DSP0FL*FSL,DSPTSL=DSPTFL*FSL
  3      61 |     &, DSPBSS=DSPBFS*FSS,DSP0SS=DSP0FS*FSS,DSPTSS=DSPTFS*FSS
  3      62 |C*** NEW CONVECTION SCHEME WITH CROSSING DSP PROFILES ******************
  3      63 |C+-  &, UNIS=.FALSE.,EFIMN=.71E0,EFMNT=.71,FCC=0.5,FCP=H1-FCC
  3      64 |C+-  &, DSPBL=-3875.E0,DSP0L=-5875.E0,DSPTL=-1875.E0
  3      65 |C+-  &, DSPBS=-2875.E0,DSP0S=-5125.E0,DSPTS=-4875.E0
  3      66 |C+-  &, DSPBF=-4375.E0,DSP0F=-4375.E0,DSPTF=-1000.E0
  3      67 |C*** BETTS CONVECTION SCHEME *******************************************
  3      68 |C    &, UNIS=.FALSE.,EFIMN=.9999E0,EFMNT=.9999E0,FCC=.50,FCP=H1-FCC
  3      69 |C    &, DSPBL=-3875.E0,DSP0L=-5875.E0,DSPTL=-1875.E0
  3      70 |C    &, DSPBF=-3875.E0,DSP0F=-5875.E0,DSPTF=-1875.E0
  3      71 |C    &, DSPBS=-3875.E0,DSP0S=-5875.E0,DSPTS=-1875.E0
  3      72 |C***********************************************************************
  3      73 |     &, TREL=3000.,EPSNTP=.0010E0,EFIFC=5.0E0
  3      74 |     &, AVGEFI=(EFIMN+1.E0)*.5E0,DSPC=-3000.E0,EPSP=1.E-7
  3      75 |     &, STEFI=1.E0
  3      76 |C*** ACTIVATE THE FOLLOWING LINE AND COMMENT OUT THE PRECEDING LINE IF
  3      77 |C*** OCT90=.TRUE.
  3      78 |C    &, STEFI=AVGEFI
  3      79 |     &, SLOPBL=(DSPBFL-DSPBSL)/(H1-EFIMN)
  3      80 |     &, SLOP0L=(DSP0FL-DSP0SL)/(H1-EFIMN)
  3      81 |     &, SLOPTL=(DSPTFL-DSPTSL)/(H1-EFIMN)
  3      82 |     &, SLOPBS=(DSPBFS-DSPBSS)/(H1-EFIMN)
  3      83 |     &, SLOP0S=(DSP0FS-DSP0SS)/(H1-EFIMN)
  3      84 |     &, SLOPTS=(DSPTFS-DSPTSS)/(H1-EFIMN)
  3      85 |     &, SLOPE=(H1   -EFMNT)/(H1-EFIMN))
  3      86 |                             P A R A M E T E R
  3      87 |     & (A23M4L=A2*(A3-A4)*ELWV
  3      88 |     &, ELOCP=ELIVW/CP,CPRLG=CP/(ROW*G*ELWV),RCP=H1/CP)
         27 |      INCLUDE "PHYS.comm"
  4       1 |C-----------------------------------------------------------------------
  4       2 |                             C O M M O N /PHYS/
  4       3 |     & KTM,PT,DTQ2,TDTQ2,DTD,TDTD
  4       4 |     &,ROS,CS,DS,ROI,CI,DI
  4       5 |     &,PL,THL,RDQ,RDTH,RDP,RDTHE
  4       6 |     &,PLQ,RDPQ,RDTHEQ
  4       7 |     &,DETA(LM),AETA(LM),DFRLG(LP1)
  4       8 |     &,DSG1(LM),SGML1(LM)
  4       9 |     &,DSG2(LM),SGML2(LM),PDTOP
  4      10 |     &,QS0   (JTB),SQS   (JTB),THE0  (ITB),STHE  (ITB)
  4      11 |     &,                        THE0Q(ITBQ),STHEQ(ITBQ)
  4      12 |C
  4      13 |     &,MXSNAL(IM,JM),EPSR  (IM,JM),RADIN (IM,JM),RADOT (IM,JM)
  4      14 |     &,GLAT  (IM,JM),GLON  (IM,JM),CZEN  (IM,JM), SWNET(IM,JM)
  4      15 |     &,ELWDWN(IM,JM),HTOP  (IM,JM),HBOT  (IM,JM),ALBEDO(IM,JM)
  4      16 |     &,TG    (IM,JM),GFFC  (IM,JM),SST   (IM,JM),ALBASE(IM,JM)
  4      17 |     &,HDAC  (IM,JM),HDACV (IM,JM),CZMEAN(IM,JM),SIGT4 (IM,JM)
  4      18 |C
  4      19 |     &,PTBL  (ITB,JTB),TTBL  (JTB,ITB),TTBLQ(JTBQ,ITBQ)
  4      20 |C-----------------------------------------------------------------------
         28 |      INCLUDE "CTLBLK.comm"
  5       1 |C-----------------------------------------------------------------------
  5       2 |      COMMON /CTLBLK/
  5       3 |     & SIGMA,RUN,IDAT(3),IHRST,FIRST,RESTRT,NFCST,NBC,LIST,IOUT
  5       4 |     &,DT,NTSD,NTSTM,NDDAMP,NPREC,IDTAD,NBOCO,NSHDE,NCP
  5       5 |     &,NPHS,NRADS,NRADL
  5       6 |      INTEGER NUM_PROCS, ME, JSTA, JEND,
  5       7 |     &        JSTA_M, JSTA_M2, JEND_M, JEND_M2, IUP, IDN, ICNT, IDSP,
  5       8 |     &        JSTA_2L, JEND_2U
  5       9 |      COMMON /PARALLEL/NUM_PROCS, ME, JSTA, JEND, JSTA_M, JEND_M,
  5      10 |     &                 JSTA_M2, JEND_M2, IUP, IDN,
  5      11 |     &                 ICNT(0:1023), IDSP(0:1023),
  5      12 |     &                 JSTA_2L, JEND_2U, NUM_SERVERS, MPI_COMM_INTER,
  5      13 |     &                 MPI_COMM_COMP
  5      14 |C-----------------------------------------------------------------------
         29 |C-----------------------------------------------------------------------
         30 |C  LIST OF VARIABLES NEEDED
         31 |C    PARAMETERS:
         32 |C      INCLUDED IN "cuparm" AND "parm.tbl"
         33 |C    INPUT:
         34 |C      T,Q,HTM (3-D),PDSL,KARR (2-D),KNUM
         35 |C    OUTPUT:
         36 |C      TWET (3-D)
         37 |C    INTERNAL:
         38 |C      THESP,KLRES,KHRES,QQ,PP,IPTB,ITHTB
         39 |C      PLUS SOME INCLUDED IN COMMON BLOCK "PHYS"
         40 |C    SUBROUTINES CALLED:
         41 |C      TTBLEX
         42 |C
         43 |      DIMENSION THESP(IM,JM),TWET(IM,jsta_2l:jend_2u,LM)
         44 |     &,T(IM,jsta_2l:jend_2u,LM),Q(IM,jsta_2l:jend_2u,LM)
         45 |      DIMENSION PDSL(IM,JM),HTM(IM,jsta_2l:jend_2u,LM),KARR(IM,JM)
         46 |                             D I M E N S I O N
         47 |     1 KLRES(IM,JM),KHRES(IM,JM)
         48 |     2,QQ(IM,JM),PP(IM,JM)
         49 |     3,IPTB(IM,JM),ITHTB(IM,JM)
         50 |C
         51 |C--------------COMPUTE WET BULB TEMPERATURES----------------------------
         52 |!$omp  parallel do
         53 |!$omp& private(apebtk,apespk,bqk,bqs00k,bqs10k,iq,iqtbk,it,ittb1,ittbk,
         54 |!$omp&         karr,khres,klres,knumh,knuml,p00k,p01k,p10k,p11k,ppk,
         55 |!$omp&         presk,qbtk,qqk,sqk,sqs00k,sqs10k,tbtk,thesp,tpspk,
         56 |!$omp&         tqk,tthbtk,tthk)
         57 |C-----------------------------------------------------------------------
         58 |                             DO 300 L=1,LM
         59 |      DO 125 J=JSTA,JEND
         60 |      DO 125 I=1,IM
         61 |      IF(KARR(I,J).GT.0)THEN
         62 |        IF (HTM(I,J,L).LT.1.0) THEN
         63 |          THESP(I,J)=273.15
         64 |          GOTO 125
         65 |        ENDIF
         66 |        TBTK  =T(I,J,L)
         67 |        QBTK  =Q(I,J,L)
         68 |        PRESK=PDTOP*SGML1(L)+PDSL(I,J)*SGML2(L)+PT
         69 |        APEBTK=(H10E5/PRESK)**CAPA
         70 |        IF(QBTK.LT.EPSQ) QBTK=HTM(I,J,L)*EPSQ
         71 |C--------------SCALING POTENTIAL TEMPERATURE & TABLE INDEX--------------
         72 |        TTHBTK  =TBTK*APEBTK
         73 |        TTHK    =(TTHBTK-THL)*RDTH
         74 |        QQK     =TTHK-AINT(TTHK)
         75 |        ITTB1   =INT(TTHK)+1
         76 |C--------------KEEPING INDICES WITHIN THE TABLE-------------------------
         77 |        IF(ITTB1.LT.1) THEN
         78 |          ITTB1  =1
         79 |          QQK    =D00
         80 |        ENDIF
         81 |C
         82 |        IF(ITTB1.GE.JTB) THEN
         83 |        ITTB1  =JTB-1
         84 |        QQK    =D00
         85 |        ENDIF
         86 |C--------------BASE AND SCALING FACTOR FOR SPEC. HUMIDITY---------------
         87 |        ITTBK=ITTB1
         88 |        BQS00K=QS0(ITTBK)
         89 |        SQS00K=SQS(ITTBK)
         90 |        BQS10K=QS0(ITTBK+1)
         91 |        SQS10K=SQS(ITTBK+1)
         92 |C--------------SCALING SPEC. HUMIDITY & TABLE INDEX---------------------
         93 |        BQK=(BQS10K-BQS00K)*QQK+BQS00K
         94 |        SQK=(SQS10K-SQS00K)*QQK+SQS00K
         95 |        TQK=(QBTK-BQK)/SQK*RDQ
         96 |        PPK=TQK-AINT(TQK)
         97 |        IQTBK=INT(TQK)+1
         98 |C--------------KEEPING INDICES WITHIN THE TABLE-------------------------
         99 |        IF(IQTBK.LT.1) THEN
        100 |          IQTBK =1
        101 |          PPK   =D00
        102 |        ENDIF
        103 |C
        104 |        IF(IQTBK.GE.ITB) THEN
        105 |          IQTBK=ITB-1
        106 |          PPK  =D00
        107 |        ENDIF
        108 |C--------------SATURATION PRESSURE AT FOUR SURROUNDING TABLE PTS.-------
        109 |        IQ=IQTBK
        110 |        IT=ITTB1
        111 |        P00K=PTBL(IQ  ,IT  )
        112 |        P10K=PTBL(IQ+1,IT  )
        113 |        P01K=PTBL(IQ  ,IT+1)
        114 |        P11K=PTBL(IQ+1,IT+1)
        115 |C--------------SATURATION POINT VARIABLES AT THE BOTTOM-----------------
        116 |        TPSPK=P00K+(P10K-P00K)*PPK+(P01K-P00K)*QQK
        117 |     1          +(P00K-P10K-P01K+P11K)*PPK*QQK
        118 |        APESPK=(H10E5/TPSPK)**CAPA
        119 |        THESP(I,J)=TTHBTK*EXP(ELOCP*QBTK*APESPK/TTHBTK)
        120 |      ENDIF
        121 |  125 CONTINUE
        122 |C--------------SCALING PRESSURE & TT TABLE INDEX------------------------
        123 |      KNUML=0
        124 |      KNUMH=0
        125 |C
        126 |      DO 280 J=JSTA,JEND
        127 |      DO 280 I=1,IM
        128 |      KLRES(I,J)=0
        129 |      KHRES(I,J)=0
        130 |C
        131 |      IF(KARR(I,J).GT.0)THEN
        132 |        PRESK=PDTOP*SGML1(L)+PDSL(I,J)*SGML2(L)+PT
        133 |C
        134 |        IF(PRESK.LT.PLQ)THEN
        135 |          KNUML=KNUML+1
        136 |          KLRES(I,J)=1
        137 |        ELSE
        138 |          KNUMH=KNUMH+1
        139 |          KHRES(I,J)=1
        140 |        ENDIF
        141 |      ENDIF
        142 | 280  CONTINUE
        143 |C***
        144 |C***  COMPUTE PARCEL TEMPERATURE ALONG MOIST ADIABAT FOR PRESSURE<PL
        145 |C**
        146 |      IF(KNUML.GT.0)THEN
        147 |        CALL TTBLEX(TWET(1,jsta_2l,L),TTBL,ITB,JTB,KLRES,PDSL,SGML1(L)
        148 |     1,SGML2(L),PDTOP,HTM(1,jsta_2l,L),PT,PL,QQ,PP,RDP,THE0,STHE,RDTHE
        149 |     2,THESP,IPTB,ITHTB)
        150 |      ENDIF
        151 |C***
        152 |C***  COMPUTE PARCEL TEMPERATURE ALONG MOIST ADIABAT FOR PRESSURE>PL
        153 |C**
        154 |      IF(KNUMH.GT.0)THEN
        155 |       CALL TTBLEX(TWET(1,jsta_2l,L),TTBLQ,ITBQ,JTBQ,KHRES,PDSL,SGML1(L)
        156 |     1,SGML2(L),PDTOP,HTM(1,jsta_2l,L),PT,PLQ,QQ,PP,RDPQ,THE0Q,STHEQ
        157 |     2,RDTHEQ,THESP,IPTB,ITHTB)
        158 |      ENDIF
        159 |C-----------------------------------------------------------------------
        160 |C-----------------------------------------------------------------------
        161 |  300 CONTINUE
        162 |      RETURN
        163 |      END
 
>>>>> ATTRIBUTE AND CROSS REFERENCE SECTION <<<<<
 
 
 
IDENTIFIER NAME                  CROSS REFERENCE AND ATTRIBUTES
 
a2                               Parameter, Real(4)
                                 3-6.9$  3-87.16
 
a23m4l                           Parameter, Real(4)
                                 3-87.9$
 
a3                               Parameter, Real(4)
                                 3-6.25$  3-87.20
 
a4                               Parameter, Real(4)
                                 3-6.37$  3-87.23
 
aeta                             Common member, Real(4) (1:60), Offset: 324, Alignment: full word
                                 4-7.17$
 
aint                             Pure Intrinsic
                                 0-74.23  0-96.17
 
albase                           Common member, Real(4) (1:89, 1:143), Offset: 768288, Alignment: quadruple word
                                 4-16.50$
 
albedo                           Common member, Real(4) (1:89, 1:143), Offset: 564656, Alignment: quadruple word
                                 4-15.50$
 
apebtk                           Static, Real(4), Offset: 0, Alignment: full word
                                 0-69.9@  0-72.23
 
apespk                           Static, Real(4), Offset: 0, Alignment: full word
                                 0-118.9@  0-119.42
 
avgefi                           Parameter, Real(4)
                                 3-74.9$
 
bqk                              Static, Real(4), Offset: 0, Alignment: full word
                                 0-93.9@  0-95.19
 
bqs00k                           Static, Real(4), Offset: 0, Alignment: full word
                                 0-88.9@  0-93.21  0-93.33
 
bqs10k                           Static, Real(4), Offset: 0, Alignment: full word
                                 0-90.9@  0-93.14
 
capa                             Parameter, Real(4)
                                 3-4.31$  0-69.31  0-118.31
 
ci                               Common member, Real(4), Offset: 40, Alignment: double word
                                 4-4.22$
 
cp                               Parameter, Real(4)
                                 3-4.19$  3-88.21  3-88.30  3-88.53
 
cprlg                            Parameter, Real(4)
                                 3-88.24$
 
cs                               Common member, Real(4), Offset: 28, Alignment: full word
                                 4-4.12$
 
ctlblk                           Common Block, Alignment: double word
                                 5-2.15$
 
czen                             Common member, Real(4) (1:89, 1:143), Offset: 310116, Alignment: full word
                                 4-14.36$
 
czmean                           Common member, Real(4) (1:89, 1:143), Offset: 921012, Alignment: full word
                                 4-17.36$
 
d00                              Parameter, Real(4)
                                 3-3.9$  0-79.19  0-84.17  0-101.18  0-106.17
 
d125                             Parameter, Real(4)
                                 3-3.18$
 
d50                              Parameter, Real(4)
                                 3-3.30$
 
d608                             Parameter, Real(4)
                                 3-3.39$
 
deta                             Common member, Real(4) (1:60), Offset: 84, Alignment: full word
                                 4-7.8$
 
dfrlg                            Common member, Real(4) (1:61), Offset: 564, Alignment: full word
                                 4-7.26$
 
di                               Common member, Real(4), Offset: 44, Alignment: full word
                                 4-4.25$
 
ds                               Common member, Real(4), Offset: 32, Alignment: quadruple word
                                 4-4.15$
 
dsg1                             Common member, Real(4) (1:60), Offset: 808, Alignment: double word
                                 4-8.8$
 
dsg2                             Common member, Real(4) (1:60), Offset: 1288, Alignment: double word
                                 4-9.8$
 
dsp0fl                           Parameter, Real(4)
                                 3-55.27$  3-60.34  3-80.17
 
dsp0fs                           Parameter, Real(4)
                                 3-59.25$  3-61.34  3-83.17
 
dsp0sl                           Parameter, Real(4)
                                 3-60.27$  3-80.24
 
dsp0ss                           Parameter, Real(4)
                                 3-61.27$  3-83.24
 
dspbfl                           Parameter, Real(4)
                                 3-55.9$  3-60.16  3-79.17
 
dspbfs                           Parameter, Real(4)
                                 3-59.9$  3-61.16  3-82.17
 
dspbsl                           Parameter, Real(4)
                                 3-60.9$  3-79.24
 
dspbss                           Parameter, Real(4)
                                 3-61.9$  3-82.24
 
dspc                             Parameter, Real(4)
                                 3-74.34$
 
dsptfl                           Parameter, Real(4)
                                 3-55.45$  3-60.52  3-81.17
 
dsptfs                           Parameter, Real(4)
                                 3-59.41$  3-61.52  3-84.17
 
dsptsl                           Parameter, Real(4)
                                 3-60.45$  3-81.24
 
dsptss                           Parameter, Real(4)
                                 3-61.45$  3-84.24
 
dt                               Common member, Real(4), Offset: 48, Alignment: quadruple word
                                 5-4.8$
 
dtd                              Common member, Real(4), Offset: 16, Alignment: quadruple word
                                 4-3.26$
 
dtq2                             Common member, Real(4), Offset: 8, Alignment: double word
                                 4-3.15$
 
dttop                            Parameter, Real(4)
                                 3-8.47$
 
efifc                            Parameter, Real(4)
                                 3-73.35$
 
efimn                            Parameter, Real(4)
                                 3-45.21$  3-74.17  3-79.36  3-80.36  3-81.36  3-82.36  3-83.36  3-84.36  3-85.33
 
efmnt                            Parameter, Real(4)
                                 3-45.33$  3-85.22
 
elivw                            Parameter, Real(4)
                                 3-5.21$  3-88.15
 
elocp                            Parameter, Real(4)
                                 3-88.9$  0-119.31
 
elwdwn                           Common member, Real(4) (1:89, 1:143), Offset: 411932, Alignment: full word
                                 4-15.8$
 
elwv                             Parameter, Real(4)
                                 3-5.9$  3-87.27  3-88.40
 
epsdn                            Parameter, Real(4)
                                 3-10.29$
 
epsntp                           Parameter, Real(4)
                                 3-73.20$
 
epsp                             Parameter, Real(4)
                                 3-74.48$
 
epsq                             Parameter, Real(4)
                                 3-5.43$  0-70.20  0-70.42
 
epsr                             Common member, Real(4) (1:89, 1:143), Offset: 55576, Alignment: double word
                                 4-13.22$
 
epsth                            Parameter, Real(4)
                                 3-10.40$
 
epsup                            Parameter, Real(4)
                                 3-10.18$
 
exp                              Pure Intrinsic
                                 0-119.27
 
fcc                              Parameter, Real(4)
                                 3-45.45$  3-45.60
 
fcp                              Parameter, Real(4)
                                 3-45.53$
 
first                            Common member, Real(4), Offset: 24, Alignment: double word
                                 5-3.32$
 
fsl                              Parameter, Real(4)
                                 3-55.62$  3-60.23  3-60.41  3-60.59
 
fss                              Parameter, Real(4)
                                 3-45.11$  3-61.23  3-61.41  3-61.59
 
g                                Parameter, Real(4)
                                 3-4.9$  3-88.38
 
gffc                             Common member, Real(4) (1:89, 1:143), Offset: 666472, Alignment: double word
                                 4-16.22$
 
glat                             Common member, Real(4) (1:89, 1:143), Offset: 208300, Alignment: full word
                                 4-14.8$
 
glon                             Common member, Real(4) (1:89, 1:143), Offset: 259208, Alignment: double word
                                 4-14.22$
 
h1                               Parameter, Real(4)
                                 3-2.9$  3-45.57  3-79.33  3-80.33  3-81.33  3-82.33  3-83.33  3-84.33  3-85.16  3-85.30  3-88.50
 
h10e5                            Parameter, Real(4)
                                 3-2.53$  0-69.17  0-118.17
 
h1d5                             Parameter, Real(4)
                                 3-2.17$
 
h2d5                             Parameter, Real(4)
                                 3-2.28$
 
h3000                            Parameter, Real(4)
                                 3-2.39$
 
hbot                             Common member, Real(4) (1:89, 1:143), Offset: 513748, Alignment: full word
                                 4-15.36$
 
hdac                             Common member, Real(4) (1:89, 1:143), Offset: 819196, Alignment: full word
                                 4-17.8$
 
hdacv                            Common member, Real(4) (1:89, 1:143), Offset: 870104, Alignment: double word
                                 4-17.22$
 
htm                              Reference argument, Real(4) (1:89, ?:?, 1:60), Offset: 0, Alignment: full word
                                 0-45.29$  0-1.35  0-62.13  0-70.31  0-148.23  0-156.23
 
htop                             Common member, Real(4) (1:89, 1:143), Offset: 462840, Alignment: double word
                                 4-15.22$
 
i                                Static, Integer(4), Offset: 0, Alignment: full word
                                 0-60.14@  0-61.15  0-62.17  0-63.17  0-66.18  0-67.18  0-68.35  0-70.35  0-119.15  0-127.14@
                                 0-128.13  0-129.13  0-131.15  0-132.35  0-136.17  0-139.17
 
icnt                             Common member, Integer(4) (0:1023), Offset: 40, Alignment: double word
                                 5-7.59$  5-11.24$
 
idat                             Common member, Integer(4) (1:3), Offset: 8, Alignment: double word
                                 5-3.18$
 
idim1                            Parameter, Integer(4)
                                 1-14.17$
 
idim2                            Parameter, Integer(4)
                                 1-14.29$
 
idn                              Common member, Integer(4), Offset: 36, Alignment: full word
                                 5-7.54$  5-10.47$
 
idsp                             Common member, Integer(4) (0:1023), Offset: 4136, Alignment: double word
                                 5-7.65$  5-11.38$
 
idtad                            Common member, Integer(4), Offset: 68, Alignment: full word
                                 5-4.35$
 
igstl                            Parameter, Integer(4)
                                 1-9.17$  1-14.23
 
igstr                            Parameter, Integer(4)
                                 1-9.26$  1-14.44
 
ihrst                            Common member, Integer(4), Offset: 20, Alignment: full word
                                 5-3.26$
 
im                               Parameter, Integer(4)
                                 1-3.18$  0-25.22  0-43.23  0-43.35  0-43.35  0-44.10  0-44.10  0-44.35  0-44.35  0-45.22  0-45.33
                                 0-45.33  0-45.61  0-47.14  0-47.27  0-48.11  0-48.21  0-49.13  0-49.26  0-60.18  0-127.18  1-11.23
                                 1-11.34  1-14.35  4-13.15  4-13.29  4-13.43  4-13.57  4-14.15  4-14.29  4-14.43  4-14.57  4-15.15
                                 4-15.29  4-15.43  4-15.57  4-16.15  4-16.29  4-16.43  4-16.57  4-17.15  4-17.29  4-17.43  4-17.57
 
imjm                             Parameter, Integer(4)
                                 0-25.17$
 
inpes                            Parameter, Integer(4)
                                 1-6.17$  1-11.27  1-11.37  1-14.38
 
int                              Pure Intrinsic
                                 0-75.18  0-97.15
 
iout                             Common member, Integer(4), Offset: 44, Alignment: full word
                                 5-3.60$
 
iptb                             Static, Integer(4) (1:89, 1:143), Offset: 0, Alignment: full word
                                 0-49.8$  0-149.14  0-157.21
 
iq                               Static, Integer(4), Offset: 0, Alignment: full word
                                 0-109.9@  0-111.19  0-112.19  0-113.19  0-114.19
 
iqtbk                            Static, Integer(4), Offset: 0, Alignment: full word
                                 0-97.9@  0-99.12  0-100.11@  0-104.12  0-105.11@  0-109.12
 
it                               Static, Integer(4), Offset: 0, Alignment: full word
                                 0-110.9@  0-111.24  0-112.24  0-113.24  0-114.24
 
itail                            Parameter, Integer(4)
                                 1-11.17$
 
itb                              Parameter, Integer(4)
                                 2-1.18$  0-104.21  0-105.17  0-147.44  4-10.39  4-10.51  4-19.15  4-19.35
 
itbq                             Parameter, Integer(4)
                                 2-1.34$  0-155.44  4-11.38  4-11.50  4-19.51
 
ithtb                            Static, Integer(4) (1:89, 1:143), Offset: 0, Alignment: full word
                                 0-49.20$  0-149.19  0-157.26
 
ittb1                            Static, Integer(4), Offset: 0, Alignment: full word
                                 0-75.9@  0-77.12  0-78.11@  0-82.12  0-83.9@  0-87.15  0-110.12
 
ittbk                            Static, Integer(4), Offset: 0, Alignment: full word
                                 0-87.9@  0-88.20  0-89.20  0-90.20  0-91.20
 
iup                              Common member, Integer(4), Offset: 32, Alignment: quadruple word
                                 5-7.49$  5-10.42$
 
j                                Static, Integer(4), Offset: 0, Alignment: full word
                                 0-59.14@  0-61.17  0-62.19  0-63.19  0-66.20  0-67.20  0-68.37  0-70.37  0-119.17  0-126.14@
                                 0-128.15  0-129.15  0-131.17  0-132.37  0-136.19  0-139.19
 
jdim1                            Parameter, Integer(4)
                                 1-15.17$
 
jdim2                            Parameter, Integer(4)
                                 1-15.29$
 
jend                             Common member, Integer(4), Offset: 12, Alignment: full word
                                 5-6.36$  5-9.45$  0-59.21  0-126.21
 
jend_2u                          Common member, Integer(4), Offset: 8236, Alignment: full word
                                 5-8.24$  5-12.33$  0-43.46  0-43.46  0-44.21  0-44.21  0-44.46  0-44.46  0-45.44  0-45.44
 
jend_m                           Common member, Integer(4), Offset: 20, Alignment: full word
                                 5-7.32$  5-9.59$
 
jend_m2                          Common member, Integer(4), Offset: 28, Alignment: full word
                                 5-7.40$  5-10.33$
 
jgstl                            Parameter, Integer(4)
                                 1-10.17$  1-15.23
 
jgstr                            Parameter, Integer(4)
                                 1-10.26$  1-15.44
 
jm                               Parameter, Integer(4)
                                 1-3.24$  0-25.25  0-25.28  0-43.26  0-45.25  0-45.64  0-47.17  0-47.30  0-48.14  0-48.24  0-49.16
                                 0-49.29  1-12.23  1-12.34  1-15.35  4-13.18  4-13.32  4-13.46  4-13.60  4-14.18  4-14.32  4-14.46
                                 4-14.60  4-15.18  4-15.32  4-15.46  4-15.60  4-16.18  4-16.32  4-16.46  4-16.60  4-17.18  4-17.32
                                 4-17.46  4-17.60
 
jnpes                            Parameter, Integer(4)
                                 1-6.25$  1-12.27  1-12.37  1-15.38
 
jsta                             Common member, Integer(4), Offset: 8, Alignment: double word
                                 5-6.30$  5-9.39$  0-59.16  0-126.16
 
jsta_2l                          Common member, Integer(4), Offset: 8232, Alignment: double word
                                 5-8.15$  5-12.24$  0-43.38  0-43.38  0-44.13  0-44.13  0-44.38  0-44.38  0-45.36  0-45.36  0-147.28
                                 0-148.29  0-155.27  0-156.29
 
jsta_m                           Common member, Integer(4), Offset: 16, Alignment: quadruple word
                                 5-7.15$  5-9.51$
 
jsta_m2                          Common member, Integer(4), Offset: 24, Alignment: double word
                                 5-7.23$  5-10.24$
 
jtail                            Parameter, Integer(4)
                                 1-12.17$
 
jtb                              Parameter, Integer(4)
                                 2-1.26$  0-82.21  0-83.17  0-147.48  4-10.15  4-10.27  4-19.19  4-19.31
 
jtbq                             Parameter, Integer(4)
                                 2-1.43$  0-155.49  4-19.46
 
karr                             Reference argument, Integer(4) (1:89, 1:143), Offset: 0, Alignment: full word
                                 0-45.56$  0-1.39  0-61.10  0-131.10
 
khres                            Static, Integer(4) (1:89, 1:143), Offset: 0, Alignment: full word
                                 0-47.21$  0-129.7@  0-139.11@  0-155.54
 
klres                            Static, Integer(4) (1:89, 1:143), Offset: 0, Alignment: full word
                                 0-47.8$  0-128.7@  0-136.11@  0-147.52
 
knumh                            Static, Integer(4), Offset: 0, Alignment: full word
                                 0-124.7@  0-138.11@  0-138.17  0-154.10
 
knuml                            Static, Integer(4), Offset: 0, Alignment: full word
                                 0-123.7@  0-135.11@  0-135.17  0-146.10
 
ktm                              Common member, Integer(4), Offset: 0, Alignment: quadruple word
                                 4-3.8$
 
l                                Static, Integer(4), Offset: 0, Alignment: full word
                                 0-58.37@  0-62.21  0-66.22  0-67.22  0-68.27  0-68.46  0-70.39  0-132.27  0-132.46  0-147.36
                                 0-147.69  0-148.14  0-148.37  0-155.35  0-155.71  0-156.14  0-156.37
 
list                             Common member, Integer(4), Offset: 40, Alignment: double word
                                 5-3.55$
 
lm                               Parameter, Integer(4)
                                 1-3.31$  0-25.37  0-43.54  0-43.54  0-44.29  0-44.29  0-44.54  0-44.54  0-45.52  0-45.52  0-58.41
                                 4-7.13  4-7.22  4-8.13  4-8.23  4-9.13  4-9.23
 
lp1                              Parameter, Integer(4)
                                 0-25.33$  4-7.32
 
lsm                              Parameter, Integer(4)
                                 1-3.37$
 
me                               Common member, Integer(4), Offset: 4, Alignment: full word
                                 5-6.26$  5-9.35$
 
mpi_comm_comp                    Common member, Integer(4), Offset: 8248, Alignment: double word
                                 5-13.24$
 
mpi_comm_inter                   Common member, Integer(4), Offset: 8244, Alignment: full word
                                 5-12.55$
 
mxsnal                           Common member, Integer(4) (1:89, 1:143), Offset: 4668, Alignment: full word
                                 4-13.8$
 
nbc                              Common member, Integer(4), Offset: 36, Alignment: full word
                                 5-3.51$
 
nboco                            Common member, Integer(4), Offset: 72, Alignment: double word
                                 5-4.41$
 
ncp                              Common member, Integer(4), Offset: 80, Alignment: quadruple word
                                 5-4.53$
 
nddamp                           Common member, Integer(4), Offset: 60, Alignment: full word
                                 5-4.22$
 
nfcst                            Common member, Integer(4), Offset: 32, Alignment: quadruple word
                                 5-3.45$
 
nphs                             Common member, Integer(4), Offset: 84, Alignment: full word
                                 5-5.8$
 
nprec                            Common member, Integer(4), Offset: 64, Alignment: quadruple word
                                 5-4.29$
 
nradl                            Common member, Integer(4), Offset: 92, Alignment: full word
                                 5-5.19$
 
nrads                            Common member, Integer(4), Offset: 88, Alignment: double word
                                 5-5.13$
 
nshde                            Common member, Integer(4), Offset: 76, Alignment: full word
                                 5-4.47$
 
ntsd                             Common member, Integer(4), Offset: 52, Alignment: full word
                                 5-4.11$
 
ntstm                            Common member, Integer(4), Offset: 56, Alignment: double word
                                 5-4.16$
 
num_procs                        Common member, Integer(4), Offset: 0, Alignment: quadruple word
                                 5-6.15$  5-9.24$
 
num_servers                      Common member, Integer(4), Offset: 8240, Alignment: quadruple word
                                 5-12.42$
 
oct90                            Parameter, Logical(4)
                                 0-22.27$  3-44.35$
 
p00k                             Static, Real(4), Offset: 0, Alignment: full word
                                 0-111.9@  0-116.15  0-116.26  0-116.42  0-117.19
 
p01k                             Static, Real(4), Offset: 0, Alignment: full word
                                 0-113.9@  0-116.37  0-117.29
 
p10k                             Static, Real(4), Offset: 0, Alignment: full word
                                 0-112.9@  0-116.21  0-117.24
 
p11k                             Static, Real(4), Offset: 0, Alignment: full word
                                 0-114.9@  0-117.34
 
parallel                         Common Block, Alignment: double word
                                 5-9.15$
 
pbm                              Parameter, Real(4)
                                 3-11.9$
 
pdsl                             Reference argument, Real(4) (1:89, 1:143), Offset: 0, Alignment: full word
                                 0-45.17$  0-1.30  0-68.30  0-132.30  0-147.58  0-155.60
 
pdtop                            Common member, Real(4), Offset: 1768, Alignment: double word
                                 4-9.27$  0-68.15  0-132.15  0-148.17  0-156.17
 
pfrz                             Parameter, Real(4)
                                 3-12.9$
 
phys                             Common Block, Alignment: double word
                                 4-2.43$
 
pl                               Common member, Real(4), Offset: 48, Alignment: quadruple word
                                 4-5.8$  0-148.43
 
plq                              Common member, Real(4), Offset: 72, Alignment: double word
                                 4-6.8$  0-134.21  0-156.43
 
pno                              Parameter, Real(4)
                                 3-11.31$
 
pone                             Parameter, Real(4)
                                 3-11.41$
 
pp                               Static, Real(4) (1:89, 1:143), Offset: 0, Alignment: full word
                                 0-48.18$  0-148.49  0-156.50
 
ppk                              Static, Real(4), Offset: 0, Alignment: full word
                                 0-96.9@  0-101.11@  0-106.11@  0-116.32  0-117.40
 
pq0                              Parameter, Real(4)
                                 3-7.33$
 
pqm                              Parameter, Real(4)
                                 3-11.20$
 
presk                            Static, Real(4), Offset: 0, Alignment: full word
                                 0-68.9@  0-69.23  0-132.9@  0-134.12
 
pshu                             Parameter, Real(4)
                                 3-12.21$
 
pt                               Common member, Real(4), Offset: 4, Alignment: full word
                                 4-3.12$  0-68.49  0-132.49  0-148.40  0-156.40
 
ptbl                             Common member, Real(4) (1:76, 1:134), Offset: 1022828, Alignment: full word
                                 4-19.8$  0-111.14  0-112.14  0-113.14  0-114.14
 
q                                Reference argument, Real(4) (1:89, ?:?, 1:60), Offset: 0, Alignment: full word
                                 0-44.33$  0-1.28  0-67.16
 
qbtk                             Static, Real(4), Offset: 0, Alignment: full word
                                 0-67.9@  0-70.12  0-70.26@  0-95.14  0-119.37
 
qq                               Static, Real(4) (1:89, 1:143), Offset: 0, Alignment: full word
                                 0-48.8$  0-148.46  0-156.47
 
qqk                              Static, Real(4), Offset: 0, Alignment: full word
                                 0-74.9@  0-79.11@  0-84.9@  0-93.29  0-94.29  0-116.48  0-117.44
 
qs0                              Common member, Real(4) (1:134), Offset: 1772, Alignment: full word
                                 4-10.8$  0-88.16  0-90.16
 
radin                            Common member, Real(4) (1:89, 1:143), Offset: 106484, Alignment: full word
                                 4-13.36$
 
radot                            Common member, Real(4) (1:89, 1:143), Offset: 157392, Alignment: quadruple word
                                 4-13.50$
 
rcp                              Parameter, Real(4)
                                 3-88.46$
 
rdp                              Common member, Real(4), Offset: 64, Alignment: quadruple word
                                 4-5.24$  0-148.52
 
rdpq                             Common member, Real(4), Offset: 76, Alignment: full word
                                 4-6.12$  0-156.53
 
rdq                              Common member, Real(4), Offset: 56, Alignment: double word
                                 4-5.15$  0-95.28
 
rdth                             Common member, Real(4), Offset: 60, Alignment: full word
                                 4-5.19$  0-73.31
 
rdthe                            Common member, Real(4), Offset: 68, Alignment: full word
                                 4-5.28$  0-148.66
 
rdtheq                           Common member, Real(4), Offset: 80, Alignment: quadruple word
                                 4-6.17$  0-157.8
 
restrt                           Common member, Real(4), Offset: 28, Alignment: full word
                                 5-3.38$
 
rhf                              Parameter, Real(4)
                                 3-10.9$
 
rog                              Parameter, Real(4)
                                 3-4.49$
 
roi                              Common member, Real(4), Offset: 36, Alignment: full word
                                 4-4.18$
 
ros                              Common member, Real(4), Offset: 24, Alignment: double word
                                 4-4.8$
 
row                              Parameter, Real(4)
                                 3-5.34$  3-88.34
 
run                              Common member, Real(4), Offset: 4, Alignment: full word
                                 5-3.14$
 
sgml1                            Common member, Real(4) (1:60), Offset: 1048, Alignment: double word
                                 4-8.17$  0-68.21  0-132.21  0-147.63  0-155.65
 
sgml2                            Common member, Real(4) (1:60), Offset: 1528, Alignment: double word
                                 4-9.17$  0-68.40  0-132.40  0-148.8  0-156.8
 
sigma                            Common member, Real(4), Offset: 0, Alignment: quadruple word
                                 5-3.8$
 
sigt4                            Common member, Real(4) (1:89, 1:143), Offset: 971920, Alignment: quadruple word
                                 4-17.50$
 
slop0l                           Parameter, Real(4)
                                 3-80.9$
 
slop0s                           Parameter, Real(4)
                                 3-83.9$
 
slopbl                           Parameter, Real(4)
                                 3-79.9$
 
slopbs                           Parameter, Real(4)
                                 3-82.9$
 
slope                            Parameter, Real(4)
                                 3-85.9$
 
sloptl                           Parameter, Real(4)
                                 3-81.9$
 
slopts                           Parameter, Real(4)
                                 3-84.9$
 
sqk                              Static, Real(4), Offset: 0, Alignment: full word
                                 0-94.9@  0-95.24
 
sqs                              Common member, Real(4) (1:134), Offset: 2308, Alignment: full word
                                 4-10.20$  0-89.16  0-91.16
 
sqs00k                           Static, Real(4), Offset: 0, Alignment: full word
                                 0-89.9@  0-94.21  0-94.33
 
sqs10k                           Static, Real(4), Offset: 0, Alignment: full word
                                 0-91.9@  0-94.14
 
sst                              Common member, Real(4) (1:89, 1:143), Offset: 717380, Alignment: full word
                                 4-16.36$
 
stabd                            Parameter, Real(4)
                                 3-8.21$
 
stabfc                           Parameter, Real(4)
                                 3-8.33$
 
stabs                            Parameter, Real(4)
                                 3-8.9$
 
stefi                            Parameter, Real(4)
                                 3-75.9$
 
sthe                             Common member, Real(4) (1:76), Offset: 3148, Alignment: full word
                                 4-10.44$  0-148.61
 
stheq                            Common member, Real(4) (1:152), Offset: 4060, Alignment: full word
                                 4-11.44$  0-156.64
 
stresh                           Parameter, Real(4)
                                 3-7.49$
 
swnet                            Common member, Real(4) (1:89, 1:143), Offset: 361024, Alignment: quadruple word
                                 4-14.51$
 
t                                Reference argument, Real(4) (1:89, ?:?, 1:60), Offset: 0, Alignment: full word
                                 0-44.8$  0-1.26  0-66.16
 
t0                               Parameter, Real(4)
                                 3-7.9$
 
t1                               Parameter, Real(4)
                                 3-7.21$
 
tbtk                             Static, Real(4), Offset: 0, Alignment: full word
                                 0-66.9@  0-72.18
 
tdtd                             Common member, Real(4), Offset: 20, Alignment: full word
                                 4-3.30$
 
tdtq2                            Common member, Real(4), Offset: 12, Alignment: full word
                                 4-3.20$
 
tg                               Common member, Real(4) (1:89, 1:143), Offset: 615564, Alignment: full word
                                 4-16.8$
 
the0                             Common member, Real(4) (1:76), Offset: 2844, Alignment: full word
                                 4-10.32$  0-148.56
 
the0q                            Common member, Real(4) (1:152), Offset: 3452, Alignment: full word
                                 4-11.32$  0-156.58
 
thesp                            Static, Real(4) (1:89, 1:143), Offset: 0, Alignment: full word
                                 0-43.17$  0-63.11@  0-119.9@  0-149.8  0-157.15
 
thl                              Common member, Real(4), Offset: 52, Alignment: full word
                                 4-5.11$  0-73.26
 
tpspk                            Static, Real(4), Offset: 0, Alignment: full word
                                 0-116.9@  0-118.23
 
tqk                              Static, Real(4), Offset: 0, Alignment: full word
                                 0-95.9@  0-96.13  0-96.22  0-97.19
 
trel                             Parameter, Real(4)
                                 3-73.9$
 
ttbl                             Common member, Real(4) (1:134, 1:76), Offset: 1063564, Alignment: full word
                                 4-19.24$  0-147.39
 
ttblex                           External Subroutine
                                 0-147.14  0-155.13
 
ttblq                            Common member, Real(4) (1:440, 1:152), Offset: 1104300, Alignment: full word
                                 4-19.40$  0-155.38
 
tthbtk                           Static, Real(4), Offset: 0, Alignment: full word
                                 0-72.9@  0-73.19  0-119.20  0-119.49
 
tthk                             Static, Real(4), Offset: 0, Alignment: full word
                                 0-73.9@  0-74.18  0-74.28  0-75.22
 
twet                             Reference argument, Real(4) (1:89, ?:?, 1:60), Offset: 0, Alignment: full word
                                 0-43.30$  0-1.44  0-147.21  0-155.20
 
unil                             Parameter, Logical(4)
                                 0-22.22$  3-44.22$
 
unis                             Parameter, Logical(4)
                                 0-22.17$  3-44.9$
 
wetbulb                          Subroutine
                                 0-1.18$
 
zsh                              Parameter, Real(4)
                                 3-11.52$
 
** wetbulb   === End of Compilation 1 ===
 
>>>>> FILE TABLE SECTION <<<<<
 
 
                                       FILE CREATION        FROM
FILE NO   FILENAME                    DATE       TIME       FILE    LINE
     0    WETBULB.f                   12/18/08   11:40:52
     1    /gpfs/c/nco/ops/nwprod/sorc/hiresw_post_hls.fd/parmeta
                                      12/18/08   11:40:52      0      23
     2    /gpfs/c/nco/ops/nwprod/sorc/hiresw_post_hls.fd/parm.tbl
                                      12/18/08   11:40:52      0      24
     3    /gpfs/c/nco/ops/nwprod/sorc/hiresw_post_hls.fd/cuparm
                                      12/18/08   11:40:52      0      26
     4    /gpfs/c/nco/ops/nwprod/sorc/hiresw_post_hls.fd/PHYS.comm
                                      12/18/08   11:40:51      0      27
     5    /gpfs/c/nco/ops/nwprod/sorc/hiresw_post_hls.fd/CTLBLK.comm
                                      12/18/08   11:40:50      0      28
 
 
>>>>> COMPILATION EPILOGUE SECTION <<<<<
 
 
FORTRAN Summary of Diagnosed Conditions
 
TOTAL   UNRECOVERABLE  SEVERE       ERROR     WARNING    INFORMATIONAL
               (U)       (S)         (E)        (W)          (I)
    0           0         0           0          0            0
 
 
    Source records read.......................................     303
1501-510  Compilation successful for file WETBULB.f.
1501-543  Object file created.
